
Map of Debug\final.sm8 from link file Debug\final.lkf - Mon Jun 15 22:58:54 2026


                               --------
                               Segments
                               --------

start 00008080 end 000080c9 length    73 segment .const
start 0000812f end 00009f37 length  7688 segment .text
start 00004000 end 00004000 length     0 segment .eeprom
start 00000000 end 0000005e length    94 segment .bsct, initialized
start 000080d1 end 0000812f length    94 segment .bsct, from
start 0000005e end 00000094 length    54 segment .ubsct
start 00000094 end 00000094 length     0 segment .bit
start 00000094 end 00000094 length     0 segment .share
start 00000100 end 00000100 length     0 segment .data
start 00000100 end 00000100 length     0 segment .bss
start 00000000 end 000007a9 length  1961 segment .info.
start 00000000 end 000056aa length 22186 segment .debug
start 00008000 end 00008080 length   128 segment .const
start 000080c9 end 000080d1 length     8 segment .init


                               -------
                               Modules
                               -------

C:\Program Files (x86)\COSMIC\FSE_Compilers\CXSTM8\lib\crtsi0.sm8:
start 0000812f end 0000817f length    80 section .text
start 00000100 end 00000100 length     0 section .bss
start 0000005e end 0000005e length     0 section .ubsct
start 00000000 end 00000033 length    51 section .info.

Debug\w5500.o:
start 0000817f end 00008e21 length  3234 section .text
start 00000000 end 00000036 length    54 section .bsct
start 00000000 end 00001201 length  4609 section .debug
start 00000033 end 0000009d length   106 section .info.

Debug\stm8s_clk.o:
start 00008e21 end 00008f14 length   243 section .text
start ******** end ******** length     0 section .bsct *** removed ***
start 00001201 end 0000199b length  1946 section .debug
start 0000009d end 0000010b length   110 section .info.
start 00008080 end 0000808c length    12 section .const

Debug\stm8s_spi.o:
start 00008f14 end 00008f89 length   117 section .text
start ******** end ******** length     0 section .bsct *** removed ***
start 0000199b end 000022a4 length  2313 section .debug
start 0000010b end 00000179 length   110 section .info.

Debug\stm8s_gpio.o:
start 00008f89 end 0000900f length   134 section .text
start ******** end ******** length     0 section .bsct *** removed ***
start 000022a4 end 00002a52 length  1966 section .debug
start 00000179 end 000001e8 length   111 section .info.

Debug\stm8s_tim4.o:
start 0000900f end 00009044 length    53 section .text
start ******** end ******** length     0 section .bsct *** removed ***
start 00002a52 end 00002eb9 length  1127 section .debug
start 000001e8 end 00000257 length   111 section .info.

Debug\stm8s_uart1.o:
start 00009044 end 0000923a length   502 section .text
start ******** end ******** length     0 section .bsct *** removed ***
start 00002eb9 end 00003948 length  2703 section .debug
start 00000257 end 000002c7 length   112 section .info.
start 0000808c end 00008090 length     4 section .const

Debug\main.o:
start 0000923a end 00009c73 length  2617 section .text
start 00000036 end 0000005e length    40 section .bsct
start 0000005e end 0000008a length    44 section .ubsct
start 00003948 end 0000553f length  7159 section .debug
start 000002c7 end 00000330 length   105 section .info.
start 00008090 end 000080c9 length    57 section .const

(C:\Program Files (x86)\COSMIC\FSE_Compilers\CXSTM8\lib\libis0.sm8)strlen0.o:
start 00009c73 end 00009c7f length    12 section .text
start 00000330 end 0000035e length    46 section .info.

(C:\Program Files (x86)\COSMIC\FSE_Compilers\CXSTM8\lib\libm0.sm8)itolx.o:
start 00009c7f end 00009c8d length    14 section .text
start 0000035e end 0000038d length    47 section .info.

(C:\Program Files (x86)\COSMIC\FSE_Compilers\CXSTM8\lib\libm0.sm8)ladd.o:
start 00009c8d end 00009ca5 length    24 section .text
start 0000038d end 000003bb length    46 section .info.

(C:\Program Files (x86)\COSMIC\FSE_Compilers\CXSTM8\lib\libm0.sm8)lcmp.o:
start 00009ca5 end 00009cc5 length    32 section .text
start 000003bb end 000003e9 length    46 section .info.

(C:\Program Files (x86)\COSMIC\FSE_Compilers\CXSTM8\lib\libm0.sm8)llsh.o:
start 00009cc5 end 00009cd4 length    15 section .text
start 000003e9 end 00000417 length    46 section .info.

(C:\Program Files (x86)\COSMIC\FSE_Compilers\CXSTM8\lib\libm0.sm8)lreg.o:
start 0000008a end 0000008e length     4 section .ubsct
start 00000417 end 00000445 length    46 section .info.

(C:\Program Files (x86)\COSMIC\FSE_Compilers\CXSTM8\lib\libm0.sm8)lsub.o:
start 00009cd4 end 00009cec length    24 section .text
start 00000445 end 00000473 length    46 section .info.

(C:\Program Files (x86)\COSMIC\FSE_Compilers\CXSTM8\lib\libm0.sm8)ltor.o:
start 00009cec end 00009cfe length    18 section .text
start 00000473 end 000004a1 length    46 section .info.

(C:\Program Files (x86)\COSMIC\FSE_Compilers\CXSTM8\lib\libm0.sm8)ludiv.o:
start 00009cfe end 00009d12 length    20 section .text
start 000004a1 end 000004d0 length    47 section .info.

(C:\Program Files (x86)\COSMIC\FSE_Compilers\CXSTM8\lib\libm0.sm8)ldiv.o:
start 00009d12 end 00009dfd length   235 section .text
start 000004d0 end 000004fe length    46 section .info.

(C:\Program Files (x86)\COSMIC\FSE_Compilers\CXSTM8\lib\libm0.sm8)lgneg.o:
start 00009dfd end 00009e10 length    19 section .text
start 000004fe end 0000052d length    47 section .info.

(C:\Program Files (x86)\COSMIC\FSE_Compilers\CXSTM8\lib\libm0.sm8)lneg.o:
start 00009e10 end 00009e25 length    21 section .text
start 0000052d end 0000055b length    46 section .info.

(C:\Program Files (x86)\COSMIC\FSE_Compilers\CXSTM8\lib\libm0.sm8)lzmp.o:
start 00009e25 end 00009e38 length    19 section .text
start 0000055b end 00000589 length    46 section .info.

(C:\Program Files (x86)\COSMIC\FSE_Compilers\CXSTM8\lib\libm0.sm8)rtol.o:
start 00009e38 end 00009e4a length    18 section .text
start 00000589 end 000005b7 length    46 section .info.

(C:\Program Files (x86)\COSMIC\FSE_Compilers\CXSTM8\lib\libm0.sm8)sdivx.o:
start 00009e4a end 00009e75 length    43 section .text
start 000005b7 end 000005e6 length    47 section .info.

(C:\Program Files (x86)\COSMIC\FSE_Compilers\CXSTM8\lib\libm0.sm8)smul.o:
start 00009e75 end 00009eb4 length    63 section .text
start 000005e6 end 00000614 length    46 section .info.

(C:\Program Files (x86)\COSMIC\FSE_Compilers\CXSTM8\lib\libm0.sm8)utolx.o:
start 00009eb4 end 00009ebb length     7 section .text
start 00000614 end 00000643 length    47 section .info.

(C:\Program Files (x86)\COSMIC\FSE_Compilers\CXSTM8\lib\libm0.sm8)umul.o:
start 00009ebb end 00009ef7 length    60 section .text
start 00000643 end 00000671 length    46 section .info.

(C:\Program Files (x86)\COSMIC\FSE_Compilers\CXSTM8\lib\libm0.sm8)xreg.o:
start 0000008e end 00000091 length     3 section .ubsct
start 00000671 end 0000069f length    46 section .info.

(C:\Program Files (x86)\COSMIC\FSE_Compilers\CXSTM8\lib\libm0.sm8)xymov.o:
start 00009ef7 end 00009f36 length    63 section .text
start 0000069f end 000006ce length    47 section .info.

(C:\Program Files (x86)\COSMIC\FSE_Compilers\CXSTM8\lib\libm0.sm8)yreg.o:
start 00000091 end 00000094 length     3 section .ubsct
start 000006ce end 000006fc length    46 section .info.

Debug\stm8_interrupt_vector.o:
start 00009f36 end 00009f37 length     1 section .text
start 0000553f end 000056aa length   363 section .debug
start 000006fc end 00000776 length   122 section .info.
start 00008000 end 00008080 length   128 section .const


                             -----------
                             Stack usage
                             -----------

Debug\main.o:
L1651_w5500_init_network          75   (42) *** Recursive ***
_command_parser_execute           25   (8)
_hal_delay_ms                     16   (12)
_hal_di_read                      10   (5)
_hal_get_millis                    4   (2)
_hal_gpio_init                    15   (2)
_hal_relay_set                    13   (8)
_hal_spi_byte                      6   (3)
_hal_spi_cs_high                   7   (2)
_hal_spi_cs_low                    7   (2)
_hal_spi_read                     14   (8)
_hal_spi_read_byte                 8   (2)
_hal_spi_write                    14   (8)
_hal_spi_write_byte                8   (2)
_hal_timer_init                    6   (2)
_hal_timer_set_callback            2   (2)
_hal_timer_start                   4   (2)
_hal_uart_available                2   (2)
_hal_uart_read_byte                5   (3)
_hal_uart_send                    16   (8)
_hal_uart_send_byte                8   (3)
_hal_w5500_reset_high              7   (2)
_main                         >  158   (2) *** Recursive ***
_main_loop                       156   (13) *** Recursive ***
_message_formatter_alive          10   (10)
_process_axle_counting            79   (15) *** Recursive ***
_relay_control_init               22   (2)
_relay_control_set                17   (4)
_relay_control_set_all            20   (3)
_send_alive_message               79   (15) *** Recursive ***
_sensor_reader_get_state           8   (4)
_sensor_reader_init               14   (2)
_sensor_reader_update             12   (2)
_system_init                     111   (2) *** Recursive ***
_tcp_server_init                 109   (2) *** Recursive ***
_tcp_server_is_connected           2   (2)
_tcp_server_process              143   (18) *** Recursive ***
_tcp_server_send                  64   (8) *** Recursive ***
_timer_callback                   81   (2) *** Recursive ***
_uart_server_init                 54   (6)
_uart_server_is_ready              2   (2)
_uart_server_process              43   (18)
_uart_server_send                 22   (6)
_w5500_chip_init                  52   (19) *** Recursive ***

Debug\stm8_interrupt_vector.o:
f_NonHandledInterrupt         >    6   (6)

Debug\stm8s_clk.o:
_CLK_GetClockFreq                 25   (11)
_CLK_HSIPrescalerConfig            3   (3)
_CLK_PeripheralClockConfig         4   (4)

Debug\stm8s_gpio.o:
_GPIO_Init                         6   (6)
_GPIO_ReadInputPin                 5   (5)
_GPIO_Write                   >    5   (5)
_GPIO_WriteHigh                    5   (5)
_GPIO_WriteLow                     5   (5)

Debug\stm8s_spi.o:
_SPI_Cmd                           2   (2)
_SPI_DeInit                        2   (2)
_SPI_GetFlagStatus                 3   (3)
_SPI_Init                         11   (11)
_SPI_ReceiveData                   2   (2)
_SPI_SendData                      2   (2)

Debug\stm8s_tim4.o:
_TIM4_ClearFlag                    2   (2)
_TIM4_Cmd                          2   (2)
_TIM4_ITConfig                     4   (4)
_TIM4_TimeBaseInit                 2   (2)

Debug\stm8s_uart1.o:
_UART1_Cmd                         2   (2)
_UART1_GetFlagStatus               5   (5)
_UART1_ITConfig                    7   (7)
_UART1_Init                       48   (23)
_UART1_SendData8                   2   (2)

Debug\w5500.o:
L16_wizchip_spi_readbyte           2   (2)
L311_wizchip_spi_readburst         6   (6)
L37_wizchip_spi_writebyte          2   (2)
L72_wizchip_cs_select              2   (2)
L731_wizchip_spi_writeburst        6   (6)
L74_wizchip_cs_deselect            2   (2)
_WIZCHIP_READ                     91   (10) *** Recursive *** *** pointer() ***
_WIZCHIP_READ_BUF                 96   (15) *** Recursive *** *** pointer() ***
_WIZCHIP_WRITE                    92   (11) *** Recursive *** *** pointer() ***
_WIZCHIP_WRITE_BUF                96   (15) *** Recursive *** *** pointer() ***
_close                            28   (3) *** Recursive ***
_getSn_RX_RSR                     32   (8) *** Recursive ***
_getSn_TX_FSR                     32   (8) *** Recursive ***
_listen                           31   (3) *** Recursive ***
_recv                            125   (12) *** Recursive ***
_reg_wizchip_cs_cbfunc             6   (6)
_reg_wizchip_spi_cbfunc            6   (6)
_reg_wizchip_spiburst_cbfunc       6   (6)
_send                             56   (10) *** Recursive ***
_socket                          107   (11) *** Recursive ***
_wiz_recv_data                   113   (17) *** Recursive ***
_wiz_send_data                    46   (17) *** Recursive ***
_wizchip_init                     33   (8) *** Recursive ***
_wizchip_setnetinfo               33   (4) *** Recursive ***

C:\Program Files (x86:
_strlen                            2   (2)

Stack size: 164


                              ---------
                              Call tree
                              ---------
   1 > _GPIO_Write: (5)

   2 > __stext: (0)

   3 > _main: (2)
   4      + _main_loop: (13)
   5      |    + _GPIO_ReadInputPin: (5)
   6      |    + _hal_delay_ms: (12)
   7      |    |    + _hal_get_millis: (2)
          |    | 
   8      |    + _strlen: (2)
   9      |    + _tcp_server_is_connected: (2)
  10      |    + _tcp_server_process: (18)
  11      |    |    + _WIZCHIP_READ: (10)
  12      |    |    |    + (L16_wizchip_spi_readbyte) ...
  13      |    |    |    + (L311_wizchip_spi_readburst) ...
  14      |    |    |    + (L37_wizchip_spi_writebyte) ...
  15      |    |    |    + (L72_wizchip_cs_select) ...
  16      |    |    |    + (L731_wizchip_spi_writeburst) ...
  17      |    |    |    + (L74_wizchip_cs_deselect) ...
  18      |    |    |    + (_hal_spi_cs_high) ...
  19      |    |    |    + (_hal_spi_cs_low) ...
  20      |    |    |    + (_hal_spi_read) ...
  21      |    |    |    + (_hal_spi_read_byte) ...
  22      |    |    |    + (_hal_spi_write) ...
  23      |    |    |    + (_hal_spi_write_byte) ...
  24      |    |    |    + (_timer_callback) ...
          |    |    | 
  25      |    |    + _close: (3)
  26      |    |    |    + _WIZCHIP_READ --> 11
  27      |    |    |    + _WIZCHIP_WRITE: (11)
  28      |    |    |    |    + (L16_wizchip_spi_readbyte) ...
  29      |    |    |    |    + (L311_wizchip_spi_readburst) ...
  30      |    |    |    |    + (L37_wizchip_spi_writebyte) ...
  31      |    |    |    |    + (L72_wizchip_cs_select) ...
  32      |    |    |    |    + (L731_wizchip_spi_writeburst) ...
  33      |    |    |    |    + (L74_wizchip_cs_deselect) ...
  34      |    |    |    |    + (_hal_spi_cs_high) ...
  35      |    |    |    |    + (_hal_spi_cs_low) ...
  36      |    |    |    |    + (_hal_spi_read) ...
  37      |    |    |    |    + (_hal_spi_read_byte) ...
  38      |    |    |    |    + (_hal_spi_write) ...
  39      |    |    |    |    + (_hal_spi_write_byte) ...
  40      |    |    |    |    + (_timer_callback) ...
          |    |    |    | 
          |    |    | 
  41      |    |    + _command_parser_execute: (8)
  42      |    |    |    + _relay_control_set: (4)
  43      |    |    |    |    + _hal_relay_set: (8)
  44      |    |    |    |    |    + _GPIO_WriteHigh: (5)
  45      |    |    |    |    |    + _GPIO_WriteLow: (5)
          |    |    |    |    | 
          |    |    |    | 
          |    |    | 
  46      |    |    + _getSn_RX_RSR: (8)
  47      |    |    |    + _WIZCHIP_READ --> 11
          |    |    | 
  48      |    |    + _listen: (3)
  49      |    |    |    + _WIZCHIP_READ --> 11
  50      |    |    |    + _WIZCHIP_WRITE --> 27
  51      |    |    |    + _close --> 25
          |    |    | 
  52      |    |    + _message_formatter_alive: (10)
  53      |    |    + _recv: (12)
  54      |    |    |    + _WIZCHIP_READ --> 11
  55      |    |    |    + _WIZCHIP_WRITE --> 27
  56      |    |    |    + _close --> 25
  57      |    |    |    + _getSn_RX_RSR --> 46
  58      |    |    |    + _getSn_TX_FSR: (8)
  59      |    |    |    |    + _WIZCHIP_READ --> 11
          |    |    |    | 
  60      |    |    |    + _wiz_recv_data: (17)
  61      |    |    |    |    + _WIZCHIP_READ --> 11
  62      |    |    |    |    + _WIZCHIP_READ_BUF: (15)
  63      |    |    |    |    |    + (L16_wizchip_spi_readbyte) ...
  64      |    |    |    |    |    + (L311_wizchip_spi_readburst) ...
  65      |    |    |    |    |    + (L37_wizchip_spi_writebyte) ...
  66      |    |    |    |    |    + (L72_wizchip_cs_select) ...
  67      |    |    |    |    |    + (L731_wizchip_spi_writeburst) ...
  68      |    |    |    |    |    + (L74_wizchip_cs_deselect) ...
  69      |    |    |    |    |    + (_hal_spi_cs_high) ...
  70      |    |    |    |    |    + (_hal_spi_cs_low) ...
  71      |    |    |    |    |    + (_hal_spi_read) ...
  72      |    |    |    |    |    + (_hal_spi_read_byte) ...
  73      |    |    |    |    |    + (_hal_spi_write) ...
  74      |    |    |    |    |    + (_hal_spi_write_byte) ...
  75      |    |    |    |    |    + (_timer_callback) ...
          |    |    |    |    | 
  76      |    |    |    |    + _WIZCHIP_WRITE --> 27
          |    |    |    | 
          |    |    | 
  77      |    |    + _sensor_reader_get_state: (4)
  78      |    |    + _socket: (11)
  79      |    |    |    + _WIZCHIP_READ --> 11
  80      |    |    |    + _WIZCHIP_READ_BUF --> 62
  81      |    |    |    + _WIZCHIP_WRITE --> 27
  82      |    |    |    + _close --> 25
          |    |    | 
  83      |    |    + _strlen --> 8
  84      |    |    + _tcp_server_send: (8)
  85      |    |    |    + _send: (10)
  86      |    |    |    |    + _WIZCHIP_READ --> 11
  87      |    |    |    |    + _WIZCHIP_WRITE --> 27
  88      |    |    |    |    + _close --> 25
  89      |    |    |    |    + _getSn_TX_FSR --> 58
  90      |    |    |    |    + _wiz_send_data: (17)
  91      |    |    |    |    |    + _WIZCHIP_READ --> 11
  92      |    |    |    |    |    + _WIZCHIP_WRITE --> 27
  93      |    |    |    |    |    + _WIZCHIP_WRITE_BUF: (15)
  94      |    |    |    |    |    |    + (L16_wizchip_spi_readbyte) ...
  95      |    |    |    |    |    |    + (L311_wizchip_spi_readburst) ...
  96      |    |    |    |    |    |    + (L37_wizchip_spi_writebyte) ...
  97      |    |    |    |    |    |    + (L72_wizchip_cs_select) ...
  98      |    |    |    |    |    |    + (L731_wizchip_spi_writeburst) ...
  99      |    |    |    |    |    |    + (L74_wizchip_cs_deselect) ...
 100      |    |    |    |    |    |    + (_hal_spi_cs_high) ...
 101      |    |    |    |    |    |    + (_hal_spi_cs_low) ...
 102      |    |    |    |    |    |    + (_hal_spi_read) ...
 103      |    |    |    |    |    |    + (_hal_spi_read_byte) ...
 104      |    |    |    |    |    |    + (_hal_spi_write) ...
 105      |    |    |    |    |    |    + (_hal_spi_write_byte) ...
 106      |    |    |    |    |    |    + (_timer_callback) ...
          |    |    |    |    |    | 
          |    |    |    |    | 
          |    |    |    | 
          |    |    | 
          |    | 
 107      |    + _tcp_server_send --> 84
 108      |    + _uart_server_is_ready: (2)
 109      |    + _uart_server_process: (18)
 110      |    |    + _command_parser_execute --> 41
 111      |    |    + _hal_uart_available: (2)
 112      |    |    + _hal_uart_read_byte: (3)
 113      |    |    + _message_formatter_alive --> 52
 114      |    |    + _sensor_reader_get_state --> 77
 115      |    |    + _strlen --> 8
 116      |    |    + _uart_server_send: (6)
 117      |    |    |    + _hal_uart_send: (8)
 118      |    |    |    |    + _hal_uart_send_byte: (3)
 119      |    |    |    |    |    + _UART1_GetFlagStatus: (5)
 120      |    |    |    |    |    + _UART1_SendData8: (2)
          |    |    |    |    | 
          |    |    |    | 
          |    |    | 
          |    | 
 121      |    + _uart_server_send --> 116
          | 
 122      + _system_init: (2)
 123      |    + _CLK_HSIPrescalerConfig: (3)
 124      |    + _hal_delay_ms --> 6
 125      |    + _hal_gpio_init: (2)
 126      |    |    + _GPIO_Init: (6)
 127      |    |    + _hal_relay_set --> 43
 128      |    |    + _hal_w5500_reset_high: (2)
 129      |    |    |    + _GPIO_WriteHigh --> 44
          |    |    | 
          |    | 
 130      |    + _hal_timer_init: (2)
 131      |    |    + _CLK_PeripheralClockConfig: (4)
 132      |    |    + _TIM4_ClearFlag: (2)
 133      |    |    + _TIM4_ITConfig: (4)
 134      |    |    + _TIM4_TimeBaseInit: (2)
          |    | 
 135      |    + _hal_timer_set_callback: (2)
 136      |    + _hal_timer_start: (2)
 137      |    |    + _TIM4_Cmd: (2)
          |    | 
 138      |    + _relay_control_init: (2)
 139      |    |    + _relay_control_set_all: (3)
 140      |    |    |    + _relay_control_set --> 42
          |    |    | 
          |    | 
 141      |    + _sensor_reader_init: (2)
 142      |    |    + _sensor_reader_update: (2)
 143      |    |    |    + _hal_di_read: (5)
 144      |    |    |    |    + _GPIO_ReadInputPin --> 5
          |    |    |    | 
          |    |    | 
          |    | 
 145      |    + _tcp_server_init: (2)
 146      |    |    + L1651_w5500_init_network: (42)
 147      |    |    |    + _wizchip_setnetinfo: (4)
 148      |    |    |    |    + _WIZCHIP_WRITE_BUF --> 93
          |    |    |    | 
          |    |    | 
 149      |    |    + _listen --> 48
 150      |    |    + _socket --> 78
          |    | 
 151      |    + _uart_server_init: (6)
 152      |    |    + _CLK_PeripheralClockConfig --> 131
 153      |    |    + _UART1_Cmd: (2)
 154      |    |    + _UART1_ITConfig: (7)
 155      |    |    + _UART1_Init: (23)
 156      |    |    |    + _CLK_GetClockFreq: (11)
          |    |    | 
          |    | 
 157      |    + _w5500_chip_init: (19)
 158      |    |    + _CLK_PeripheralClockConfig --> 131
 159      |    |    + _GPIO_Init --> 126
 160      |    |    + _GPIO_WriteHigh --> 44
 161      |    |    + _GPIO_WriteLow --> 45
 162      |    |    + _SPI_Cmd: (2)
 163      |    |    + _SPI_DeInit: (2)
 164      |    |    + _SPI_Init: (11)
 165      |    |    + _WIZCHIP_READ --> 11
 166      |    |    + _hal_delay_ms --> 6
 167      |    |    + _hal_w5500_reset_high --> 128
 168      |    |    + _reg_wizchip_cs_cbfunc: (6)
 169      |    |    + _reg_wizchip_spi_cbfunc: (6)
 170      |    |    + _reg_wizchip_spiburst_cbfunc: (6)
 171      |    |    + _wizchip_init: (8)
 172      |    |    |    + _WIZCHIP_WRITE --> 27
          |    |    | 
          |    | 
          | 
       
 173 > f_NonHandledInterrupt: (6)

 174   L1651_w5500_init_network --> 146

 175   L16_wizchip_spi_readbyte: (2)

 176   L311_wizchip_spi_readburst: (6)

 177   L37_wizchip_spi_writebyte: (2)

 178   L72_wizchip_cs_select: (2)

 179   L731_wizchip_spi_writeburst: (6)

 180   L74_wizchip_cs_deselect: (2)

 181   _CLK_GetClockFreq --> 156

 182   _CLK_HSIPrescalerConfig --> 123

 183   _CLK_PeripheralClockConfig --> 131

 184   _GPIO_Init --> 126

 185   _GPIO_ReadInputPin --> 5

 186   _GPIO_WriteHigh --> 44

 187   _GPIO_WriteLow --> 45

 188   _SPI_Cmd --> 162

 189   _SPI_DeInit --> 163

 190   _SPI_GetFlagStatus: (3)

 191   _SPI_Init --> 164

 192   _SPI_ReceiveData: (2)

 193   _SPI_SendData: (2)

 194   _TIM4_ClearFlag --> 132

 195   _TIM4_Cmd --> 137

 196   _TIM4_ITConfig --> 133

 197   _TIM4_TimeBaseInit --> 134

 198   _UART1_Cmd --> 153

 199   _UART1_GetFlagStatus --> 119

 200   _UART1_ITConfig --> 154

 201   _UART1_Init --> 155

 202   _UART1_SendData8 --> 120

 203   _WIZCHIP_READ --> 11

 204   _WIZCHIP_READ_BUF --> 62

 205   _WIZCHIP_WRITE --> 27

 206   _WIZCHIP_WRITE_BUF --> 93

 207   _close --> 25

 208   _command_parser_execute --> 41

 209   _getSn_RX_RSR --> 46

 210   _getSn_TX_FSR --> 58

 211   _hal_delay_ms --> 6

 212   _hal_di_read --> 143

 213   _hal_get_millis --> 7

 214   _hal_gpio_init --> 125

 215   _hal_relay_set --> 43

 216   _hal_spi_byte: (3)
 217      + _SPI_GetFlagStatus --> 190
 218      + _SPI_ReceiveData --> 192
 219      + _SPI_SendData --> 193
       
 220   _hal_spi_cs_high: (2)
 221      + _GPIO_WriteHigh --> 44
       
 222   _hal_spi_cs_low: (2)
 223      + _GPIO_WriteLow --> 45
       
 224   _hal_spi_read: (8)
 225      + _hal_spi_byte --> 216
       
 226   _hal_spi_read_byte: (2)
 227      + _hal_spi_byte --> 216
       
 228   _hal_spi_write: (8)
 229      + _hal_spi_byte --> 216
       
 230   _hal_spi_write_byte: (2)
 231      + _hal_spi_byte --> 216
       
 232   _hal_timer_init --> 130

 233   _hal_timer_set_callback --> 135

 234   _hal_timer_start --> 136

 235   _hal_uart_available --> 111

 236   _hal_uart_read_byte --> 112

 237   _hal_uart_send --> 117

 238   _hal_uart_send_byte --> 118

 239   _hal_w5500_reset_high --> 128

 240   _listen --> 48

 241   _main_loop --> 4

 242   _message_formatter_alive --> 52

 243   _process_axle_counting: (15)
 244      + _sensor_reader_get_state --> 77
 245      + _tcp_server_is_connected --> 9
 246      + _tcp_server_send --> 84
 247      + _uart_server_is_ready --> 108
 248      + _uart_server_send --> 116
       
 249   _recv --> 53

 250   _reg_wizchip_cs_cbfunc --> 168

 251   _reg_wizchip_spi_cbfunc --> 169

 252   _reg_wizchip_spiburst_cbfunc --> 170

 253   _relay_control_init --> 138

 254   _relay_control_set --> 42

 255   _relay_control_set_all --> 139

 256   _send --> 85

 257   _send_alive_message: (15)
 258      + _message_formatter_alive --> 52
 259      + _sensor_reader_get_state --> 77
 260      + _strlen --> 8
 261      + _tcp_server_is_connected --> 9
 262      + _tcp_server_send --> 84
 263      + _uart_server_is_ready --> 108
 264      + _uart_server_send --> 116
       
 265   _sensor_reader_get_state --> 77

 266   _sensor_reader_init --> 141

 267   _sensor_reader_update --> 142

 268   _socket --> 78

 269   _strlen --> 8

 270   _system_init --> 122

 271   _tcp_server_init --> 145

 272   _tcp_server_is_connected --> 9

 273   _tcp_server_process --> 10

 274   _tcp_server_send --> 84

 275   _timer_callback: (2)
 276      + _hal_get_millis --> 7
 277      + _process_axle_counting --> 243
 278      + _send_alive_message --> 257
 279      + _sensor_reader_update --> 142
       
 280   _uart_server_init --> 151

 281   _uart_server_is_ready --> 108

 282   _uart_server_process --> 109

 283   _uart_server_send --> 116

 284   _w5500_chip_init --> 157

 285   _wiz_recv_data --> 60

 286   _wiz_send_data --> 90

 287   _wizchip_init --> 171

 288   _wizchip_setnetinfo --> 147



                               -------
                               Symbols
                               -------

_CLKPrescTable                 00008084   defined in Debug\stm8s_clk.o section .const
_CLK_GetClockFreq              00008ea0   defined in Debug\stm8s_clk.o section .text
                                          used in Debug\stm8s_uart1.o
_CLK_HSIPrescalerConfig        00008e8d   defined in Debug\stm8s_clk.o section .text
                                          used in Debug\main.o
_CLK_PeripheralClockConfig     00008e21   defined in Debug\stm8s_clk.o section .text
                                          used in Debug\main.o
_GPIO_Init                     00008f89   defined in Debug\stm8s_gpio.o section .text
                                          used in Debug\main.o
_GPIO_ReadInputPin             00009008   defined in Debug\stm8s_gpio.o section .text
                                          used in Debug\main.o
_GPIO_Write                    00008ff1   defined in Debug\stm8s_gpio.o section .text
_GPIO_WriteHigh                00008ff9   defined in Debug\stm8s_gpio.o section .text
                                          used in Debug\main.o
_GPIO_WriteLow                 00009000   defined in Debug\stm8s_gpio.o section .text
                                          used in Debug\main.o
_HSIDivFactor                  00008080   defined in Debug\stm8s_clk.o section .const
_SPI_Cmd                       00008f60   defined in Debug\stm8s_spi.o section .text
                                          used in Debug\main.o
_SPI_DeInit                    00008f14   defined in Debug\stm8s_spi.o section .text
                                          used in Debug\main.o
_SPI_GetFlagStatus             00008f76   defined in Debug\stm8s_spi.o section .text
                                          used in Debug\main.o
_SPI_Init                      00008f29   defined in Debug\stm8s_spi.o section .text
                                          used in Debug\main.o
_SPI_ReceiveData               00008f72   defined in Debug\stm8s_spi.o section .text
                                          used in Debug\main.o
_SPI_SendData                  00008f6e   defined in Debug\stm8s_spi.o section .text
                                          used in Debug\main.o
_TIM4_ClearFlag                0000903f   defined in Debug\stm8s_tim4.o section .text
                                          used in Debug\main.o
_TIM4_Cmd                      00009018   defined in Debug\stm8s_tim4.o section .text
                                          used in Debug\main.o
_TIM4_ITConfig                 00009026   defined in Debug\stm8s_tim4.o section .text
                                          used in Debug\main.o
_TIM4_TimeBaseInit             0000900f   defined in Debug\stm8s_tim4.o section .text
                                          used in Debug\main.o
_UART1_Cmd                     00009174   defined in Debug\stm8s_uart1.o section .text
                                          used in Debug\main.o
_UART1_GetFlagStatus           000091f7   defined in Debug\stm8s_uart1.o section .text
                                          used in Debug\main.o
_UART1_ITConfig                00009182   defined in Debug\stm8s_uart1.o section .text
                                          used in Debug\main.o
_UART1_Init                    00009044   defined in Debug\stm8s_uart1.o section .text
                                          used in Debug\main.o
_UART1_SendData8               000091f3   defined in Debug\stm8s_uart1.o section .text
                                          used in Debug\main.o
_WIZCHIP                       0000001e   defined in Debug\w5500.o section .bsct, initialized
_WIZCHIP_READ                  0000818a   defined in Debug\w5500.o section .text
                                          used in Debug\main.o
_WIZCHIP_READ_BUF              00008238   defined in Debug\w5500.o section .text
_WIZCHIP_WRITE                 000081df   defined in Debug\w5500.o section .text
_WIZCHIP_WRITE_BUF             000083fa   defined in Debug\w5500.o section .text
__endmem                       000001ff   defined in command file
                                          *** not used ***
__endzp                        00000094   defined in command file section .ubsct
                                          used in C:\Program Files (x86)\COSMIC\FSE_Compilers\CXSTM8\lib\crtsi0.sm8
__idesc__                      000080c9   defined in linker section .init
                                          used in C:\Program Files (x86)\COSMIC\FSE_Compilers\CXSTM8\lib\crtsi0.sm8
__memory                       00000100   defined in command file section .bss
                                          used in C:\Program Files (x86)\COSMIC\FSE_Compilers\CXSTM8\lib\crtsi0.sm8
__stack                        000003ff   defined in command file
                                          used in C:\Program Files (x86)\COSMIC\FSE_Compilers\CXSTM8\lib\crtsi0.sm8
__startmem                     00000100   defined in command file section .bss
                                          *** not used ***
__stext                        0000812f   defined in C:\Program Files (x86)\COSMIC\FSE_Compilers\CXSTM8\lib\crtsi0.sm8 section .text
                                          used in Debug\stm8_interrupt_vector.o
__vectab                       00008000   defined in Debug\stm8_interrupt_vector.o section .const
_close                         00008839   defined in Debug\w5500.o section .text
                                          used in Debug\main.o
_command_parser_execute        0000960f   defined in Debug\main.o section .text
_exit                          0000817d   defined in C:\Program Files (x86)\COSMIC\FSE_Compilers\CXSTM8\lib\crtsi0.sm8 section .text
_getSn_RX_RSR                  00008352   defined in Debug\w5500.o section .text
                                          used in Debug\main.o
_getSn_TX_FSR                  000082aa   defined in Debug\w5500.o section .text
_hal_delay_ms                  0000924e   defined in Debug\main.o section .text
_hal_di_read                   000093ad   defined in Debug\main.o section .text
_hal_get_millis                0000923a   defined in Debug\main.o section .text
_hal_gpio_init                 0000968e   defined in Debug\main.o section .text
_hal_relay_set                 000093fe   defined in Debug\main.o section .text
_hal_spi_byte                  00009829   defined in Debug\main.o section .text
_hal_spi_cs_high               00009315   defined in Debug\main.o section .text
_hal_spi_cs_low                0000930b   defined in Debug\main.o section .text
_hal_spi_read                  0000984d   defined in Debug\main.o section .text
_hal_spi_read_byte             00009845   defined in Debug\main.o section .text
_hal_spi_write                 0000986e   defined in Debug\main.o section .text
_hal_spi_write_byte            0000984a   defined in Debug\main.o section .text
_hal_timer_init                000098c5   defined in Debug\main.o section .text
_hal_timer_set_callback        0000960c   defined in Debug\main.o section .text
_hal_timer_start               000094e4   defined in Debug\main.o section .text
_hal_uart_available            0000973a   defined in Debug\main.o section .text
_hal_uart_read_byte            0000973f   defined in Debug\main.o section .text
_hal_uart_send                 000092ec   defined in Debug\main.o section .text
_hal_uart_send_byte            000092d2   defined in Debug\main.o section .text
_hal_w5500_reset_high          00009684   defined in Debug\main.o section .text
_listen                        000088f7   defined in Debug\w5500.o section .text
                                          used in Debug\main.o
_main                          00009c6c   defined in Debug\main.o section .text
                                          used in C:\Program Files (x86)\COSMIC\FSE_Compilers\CXSTM8\lib\crtsi0.sm8
_main_loop                     00009bff   defined in Debug\main.o section .text
_message_formatter_alive       00009360   defined in Debug\main.o section .text
_process_axle_counting         000094ea   defined in Debug\main.o section .text
_recv                          00008a83   defined in Debug\w5500.o section .text
                                          used in Debug\main.o
_reg_wizchip_cs_cbfunc         0000853e   defined in Debug\w5500.o section .text
                                          used in Debug\main.o
_reg_wizchip_spi_cbfunc        0000855e   defined in Debug\w5500.o section .text
                                          used in Debug\main.o
_reg_wizchip_spiburst_cbfunc   0000857e   defined in Debug\w5500.o section .text
                                          used in Debug\main.o
_relay_control_init            0000967e   defined in Debug\main.o section .text
_relay_control_set             00009482   defined in Debug\main.o section .text
_relay_control_set_all         00009496   defined in Debug\main.o section .text
_rx_buffer                     00000084   defined in Debug\main.o section .ubsct
_send                          00008c12   defined in Debug\w5500.o section .text
                                          used in Debug\main.o
_send_alive_message            0000956a   defined in Debug\main.o section .text
_sensor_reader_get_state       00009354   defined in Debug\main.o section .text
_sensor_reader_init            00009566   defined in Debug\main.o section .text
_sensor_reader_update          000094c7   defined in Debug\main.o section .text
_sock_pack_info                00000012   defined in Debug\w5500.o section .bsct, initialized
_socket                        000086cb   defined in Debug\w5500.o section .text
                                          used in Debug\main.o
_strlen                        00009c73   defined in (C:\Program Files (x86)\COSMIC\FSE_Compilers\CXSTM8\lib\libis0.sm8)strlen0.o section .text
                                          used in Debug\main.o
_system_init                   00009bc9   defined in Debug\main.o section .text
_systick_ms                    00000058   defined in Debug\main.o section .bsct, initialized
_tcp_server_init               00009ab0   defined in Debug\main.o section .text
_tcp_server_is_connected       00009241   defined in Debug\main.o section .text
_tcp_server_process            000098de   defined in Debug\main.o section .text
_tcp_server_send               0000927b   defined in Debug\main.o section .text
_timer_callback                000095c1   defined in Debug\main.o section .text
_tx_buffer                     00000074   defined in Debug\main.o section .ubsct
_uart_rx_buffer                0000005e   defined in Debug\main.o section .ubsct
_uart_rx_count                 00000055   defined in Debug\main.o section .bsct, initialized
_uart_rx_head                  00000056   defined in Debug\main.o section .bsct, initialized
_uart_rx_tail                  00000057   defined in Debug\main.o section .bsct, initialized
_uart_server_init              0000988d   defined in Debug\main.o section .text
_uart_server_is_ready          000092c7   defined in Debug\main.o section .text
_uart_server_process           00009765   defined in Debug\main.o section .text
_uart_server_send              0000931f   defined in Debug\main.o section .text
_user_callback                 0000005c   defined in Debug\main.o section .bsct, initialized
_w5500_chip_init               00009ae8   defined in Debug\main.o section .text
_wiz_recv_data                 000089b3   defined in Debug\w5500.o section .text
_wiz_send_data                 0000846e   defined in Debug\w5500.o section .text
_wizchip_init                  000085fa   defined in Debug\w5500.o section .text
                                          used in Debug\main.o
_wizchip_setnetinfo            0000859e   defined in Debug\w5500.o section .text
                                          used in Debug\main.o
c_divsl                        00009d12   defined in (C:\Program Files (x86)\COSMIC\FSE_Compilers\CXSTM8\lib\libm0.sm8)ldiv.o section .text
                                          *** not used ***
c_divul                        00009d29   defined in (C:\Program Files (x86)\COSMIC\FSE_Compilers\CXSTM8\lib\libm0.sm8)ldiv.o section .text
                                          used in (C:\Program Files (x86)\COSMIC\FSE_Compilers\CXSTM8\lib\libm0.sm8)ludiv.o
c_itolx                        00009c7f   defined in (C:\Program Files (x86)\COSMIC\FSE_Compilers\CXSTM8\lib\libm0.sm8)itolx.o section .text
                                          used in Debug\w5500.o Debug\main.o
c_ladd                         00009c8d   defined in (C:\Program Files (x86)\COSMIC\FSE_Compilers\CXSTM8\lib\libm0.sm8)ladd.o section .text
                                          used in Debug\w5500.o
c_lcmp                         00009ca5   defined in (C:\Program Files (x86)\COSMIC\FSE_Compilers\CXSTM8\lib\libm0.sm8)lcmp.o section .text
                                          used in Debug\main.o
c_lgneg                        00009dfd   defined in (C:\Program Files (x86)\COSMIC\FSE_Compilers\CXSTM8\lib\libm0.sm8)lgneg.o section .text
                                          used in (C:\Program Files (x86)\COSMIC\FSE_Compilers\CXSTM8\lib\libm0.sm8)ldiv.o
c_llsh                         00009cc5   defined in (C:\Program Files (x86)\COSMIC\FSE_Compilers\CXSTM8\lib\libm0.sm8)llsh.o section .text
                                          used in Debug\stm8s_uart1.o
c_lneg                         00009e10   defined in (C:\Program Files (x86)\COSMIC\FSE_Compilers\CXSTM8\lib\libm0.sm8)lneg.o section .text
                                          used in (C:\Program Files (x86)\COSMIC\FSE_Compilers\CXSTM8\lib\libm0.sm8)ldiv.o
c_lreg                         0000008a   defined in (C:\Program Files (x86)\COSMIC\FSE_Compilers\CXSTM8\lib\libm0.sm8)lreg.o section .ubsct
                                          used in Debug\w5500.o Debug\stm8s_clk.o
                                                  Debug\stm8s_uart1.o
                                                  Debug\main.o
                                                  (C:\Program Files (x86)\COSMIC\FSE_Compilers\CXSTM8\lib\libm0.sm8)itolx.o
                                                  (C:\Program Files (x86)\COSMIC\FSE_Compilers\CXSTM8\lib\libm0.sm8)ladd.o
                                                  (C:\Program Files (x86)\COSMIC\FSE_Compilers\CXSTM8\lib\libm0.sm8)lcmp.o
                                                  (C:\Program Files (x86)\COSMIC\FSE_Compilers\CXSTM8\lib\libm0.sm8)llsh.o
                                                  (C:\Program Files (x86)\COSMIC\FSE_Compilers\CXSTM8\lib\libm0.sm8)lsub.o
                                                  (C:\Program Files (x86)\COSMIC\FSE_Compilers\CXSTM8\lib\libm0.sm8)ltor.o
                                                  (C:\Program Files (x86)\COSMIC\FSE_Compilers\CXSTM8\lib\libm0.sm8)ldiv.o
                                                  (C:\Program Files (x86)\COSMIC\FSE_Compilers\CXSTM8\lib\libm0.sm8)lneg.o
                                                  (C:\Program Files (x86)\COSMIC\FSE_Compilers\CXSTM8\lib\libm0.sm8)rtol.o
                                                  (C:\Program Files (x86)\COSMIC\FSE_Compilers\CXSTM8\lib\libm0.sm8)smul.o
                                                  (C:\Program Files (x86)\COSMIC\FSE_Compilers\CXSTM8\lib\libm0.sm8)utolx.o
                                                  (C:\Program Files (x86)\COSMIC\FSE_Compilers\CXSTM8\lib\libm0.sm8)umul.o
c_lsub                         00009cd4   defined in (C:\Program Files (x86)\COSMIC\FSE_Compilers\CXSTM8\lib\libm0.sm8)lsub.o section .text
                                          used in Debug\stm8s_uart1.o
                                                  Debug\main.o
c_ltor                         00009cec   defined in (C:\Program Files (x86)\COSMIC\FSE_Compilers\CXSTM8\lib\libm0.sm8)ltor.o section .text
                                          used in Debug\stm8s_clk.o
                                                  Debug\stm8s_uart1.o
                                                  Debug\main.o
c_ludv                         00009cfe   defined in (C:\Program Files (x86)\COSMIC\FSE_Compilers\CXSTM8\lib\libm0.sm8)ludiv.o section .text
                                          used in Debug\stm8s_clk.o
                                                  Debug\stm8s_uart1.o
c_lzmp                         00009e25   defined in (C:\Program Files (x86)\COSMIC\FSE_Compilers\CXSTM8\lib\libm0.sm8)lzmp.o section .text
                                          used in Debug\w5500.o
c_rtol                         00009e38   defined in (C:\Program Files (x86)\COSMIC\FSE_Compilers\CXSTM8\lib\libm0.sm8)rtol.o section .text
                                          used in Debug\w5500.o Debug\stm8s_clk.o
                                                  Debug\stm8s_uart1.o
                                                  Debug\main.o
c_sdivx                        00009e50   defined in (C:\Program Files (x86)\COSMIC\FSE_Compilers\CXSTM8\lib\libm0.sm8)sdivx.o section .text
                                          *** not used ***
c_smodx                        00009e4a   defined in (C:\Program Files (x86)\COSMIC\FSE_Compilers\CXSTM8\lib\libm0.sm8)sdivx.o section .text
                                          used in Debug\main.o
c_smul                         00009e75   defined in (C:\Program Files (x86)\COSMIC\FSE_Compilers\CXSTM8\lib\libm0.sm8)smul.o section .text
                                          used in Debug\stm8s_uart1.o
c_uitolx                       00009eb4   defined in (C:\Program Files (x86)\COSMIC\FSE_Compilers\CXSTM8\lib\libm0.sm8)utolx.o section .text
                                          used in Debug\w5500.o Debug\main.o
c_umul                         00009ebb   defined in (C:\Program Files (x86)\COSMIC\FSE_Compilers\CXSTM8\lib\libm0.sm8)umul.o section .text
                                          used in Debug\w5500.o
c_x                            0000008e   defined in (C:\Program Files (x86)\COSMIC\FSE_Compilers\CXSTM8\lib\libm0.sm8)xreg.o section .ubsct
                                          used in C:\Program Files (x86)\COSMIC\FSE_Compilers\CXSTM8\lib\crtsi0.sm8
                                                  Debug\main.o
                                                  (C:\Program Files (x86)\COSMIC\FSE_Compilers\CXSTM8\lib\libis0.sm8)strlen0.o
                                                  (C:\Program Files (x86)\COSMIC\FSE_Compilers\CXSTM8\lib\libm0.sm8)ldiv.o
                                                  (C:\Program Files (x86)\COSMIC\FSE_Compilers\CXSTM8\lib\libm0.sm8)sdivx.o
                                                  (C:\Program Files (x86)\COSMIC\FSE_Compilers\CXSTM8\lib\libm0.sm8)umul.o
                                                  (C:\Program Files (x86)\COSMIC\FSE_Compilers\CXSTM8\lib\libm0.sm8)xymov.o
c_xymov                        00009ef7   defined in (C:\Program Files (x86)\COSMIC\FSE_Compilers\CXSTM8\lib\libm0.sm8)xymov.o section .text
                                          used in Debug\main.o
c_y                            00000091   defined in (C:\Program Files (x86)\COSMIC\FSE_Compilers\CXSTM8\lib\libm0.sm8)yreg.o section .ubsct
                                          used in C:\Program Files (x86)\COSMIC\FSE_Compilers\CXSTM8\lib\crtsi0.sm8
                                                  Debug\main.o
                                                  (C:\Program Files (x86)\COSMIC\FSE_Compilers\CXSTM8\lib\libm0.sm8)umul.o
f_NonHandledInterrupt          00009f36   defined in Debug\stm8_interrupt_vector.o section .text
