
Map of Debug\final.sm8 from link file Debug\final.lkf - Sun Jun 14 11:15:14 2026


                               --------
                               Segments
                               --------

start 00008080 end 000080b5 length    53 segment .const
start 0000811c end 00009600 length  5348 segment .text
start 00004000 end 00004000 length     0 segment .eeprom
start 00000000 end 0000005f length    95 segment .bsct, initialized
start 000080bd end 0000811c length    95 segment .bsct, from
start 0000005f end 0000007d length    30 segment .ubsct
start 0000007d end 0000007d length     0 segment .bit
start 0000007d end 0000007d length     0 segment .share
start 00000100 end 00000100 length     0 segment .data
start 00000100 end 00000100 length     0 segment .bss
start 00000000 end 000007cc length  1996 segment .info.
start 00000000 end 00004db2 length 19890 segment .debug
start 00008000 end 00008080 length   128 segment .const
start 000080b5 end 000080bd length     8 segment .init


                               -------
                               Modules
                               -------

C:\Program Files (x86)\COSMIC\FSE_Compilers\CXSTM8\lib\crtsi0.sm8:
start 0000811c end 0000816c length    80 section .text
start 00000100 end 00000100 length     0 section .bss
start 0000005f end 0000005f length     0 section .ubsct
start 00000000 end 00000033 length    51 section .info.

Debug\stm8s_clk.o:
start 0000816c end 0000825f length   243 section .text
start 00000000 end 0000073e length  1854 section .debug
start 00000033 end 000000a1 length   110 section .info.
start 00008080 end 0000808c length    12 section .const

Debug\wizchip_conf.o:
start 0000825f end 0000847a length   539 section .text
start 00000000 end 00000018 length    24 section .bsct
start 0000073e end 00001137 length  2553 section .debug
start 000000a1 end 00000112 length   113 section .info.

Debug\socket.o:
start 0000847a end 000087a4 length   810 section .text
start 00000018 end 00000036 length    30 section .bsct
start 00001137 end 000013db length   676 section .debug
start 00000112 end 0000017d length   107 section .info.

Debug\stm8s_spi.o:
start 000087a4 end 00008819 length   117 section .text
start 000013db end 00001c88 length  2221 section .debug
start 0000017d end 000001eb length   110 section .info.

Debug\stm8s_gpio.o:
start 00008819 end 0000889f length   134 section .text
start 00001c88 end 000023da length  1874 section .debug
start 000001eb end 0000025a length   111 section .info.

Debug\stm8s_tim4.o:
start 0000889f end 000088d4 length    53 section .text
start 000023da end 000027e5 length  1035 section .debug
start 0000025a end 000002c9 length   111 section .info.

Debug\stm8s_uart1.o:
start 000088d4 end 00008aca length   502 section .text
start 000027e5 end 00003218 length  2611 section .debug
start 000002c9 end 00000339 length   112 section .info.
start 0000808c end 00008090 length     4 section .const

Debug\w5500.o:
start 00008aca end 00008dae length   740 section .text
start 00003218 end 00003686 length  1134 section .debug
start 00000339 end 000003a3 length   106 section .info.

Debug\main.o:
start 00008dae end 000093c7 length  1561 section .text
start 00000036 end 0000005f length    41 section .bsct
start 0000005f end 00000073 length    20 section .ubsct
start 00003686 end 00004c47 length  5569 section .debug
start 000003a3 end 0000040c length   105 section .info.
start 00008090 end 000080b5 length    37 section .const

(C:\Program Files (x86)\COSMIC\FSE_Compilers\CXSTM8\lib\libm0.sm8)itolx.o:
start 000093c7 end 000093d5 length    14 section .text
start 0000040c end 0000043b length    47 section .info.

(C:\Program Files (x86)\COSMIC\FSE_Compilers\CXSTM8\lib\libm0.sm8)lcmp.o:
start 000093d5 end 000093f5 length    32 section .text
start 0000043b end 00000469 length    46 section .info.

(C:\Program Files (x86)\COSMIC\FSE_Compilers\CXSTM8\lib\libm0.sm8)llsh.o:
start 000093f5 end 00009404 length    15 section .text
start 00000469 end 00000497 length    46 section .info.

(C:\Program Files (x86)\COSMIC\FSE_Compilers\CXSTM8\lib\libm0.sm8)lreg.o:
start 00000073 end 00000077 length     4 section .ubsct
start 00000497 end 000004c5 length    46 section .info.

(C:\Program Files (x86)\COSMIC\FSE_Compilers\CXSTM8\lib\libm0.sm8)lsub.o:
start 00009404 end 0000941c length    24 section .text
start 000004c5 end 000004f3 length    46 section .info.

(C:\Program Files (x86)\COSMIC\FSE_Compilers\CXSTM8\lib\libm0.sm8)ltor.o:
start 0000941c end 0000942e length    18 section .text
start 000004f3 end 00000521 length    46 section .info.

(C:\Program Files (x86)\COSMIC\FSE_Compilers\CXSTM8\lib\libm0.sm8)ludiv.o:
start 0000942e end 00009442 length    20 section .text
start 00000521 end 00000550 length    47 section .info.

(C:\Program Files (x86)\COSMIC\FSE_Compilers\CXSTM8\lib\libm0.sm8)ldiv.o:
start 00009442 end 0000952d length   235 section .text
start 00000550 end 0000057e length    46 section .info.

(C:\Program Files (x86)\COSMIC\FSE_Compilers\CXSTM8\lib\libm0.sm8)lgneg.o:
start 0000952d end 00009540 length    19 section .text
start 0000057e end 000005ad length    47 section .info.

(C:\Program Files (x86)\COSMIC\FSE_Compilers\CXSTM8\lib\libm0.sm8)lneg.o:
start 00009540 end 00009555 length    21 section .text
start 000005ad end 000005db length    46 section .info.

(C:\Program Files (x86)\COSMIC\FSE_Compilers\CXSTM8\lib\libm0.sm8)lzmp.o:
start 00009555 end 00009568 length    19 section .text
start 000005db end 00000609 length    46 section .info.

(C:\Program Files (x86)\COSMIC\FSE_Compilers\CXSTM8\lib\libm0.sm8)rtol.o:
start 00009568 end 0000957a length    18 section .text
start 00000609 end 00000637 length    46 section .info.

(C:\Program Files (x86)\COSMIC\FSE_Compilers\CXSTM8\lib\libm0.sm8)smul.o:
start 0000957a end 000095b9 length    63 section .text
start 00000637 end 00000665 length    46 section .info.

(C:\Program Files (x86)\COSMIC\FSE_Compilers\CXSTM8\lib\libm0.sm8)utolx.o:
start 000095b9 end 000095c0 length     7 section .text
start 00000665 end 00000694 length    47 section .info.

(C:\Program Files (x86)\COSMIC\FSE_Compilers\CXSTM8\lib\libm0.sm8)xreg.o:
start 00000077 end 0000007a length     3 section .ubsct
start 00000694 end 000006c2 length    46 section .info.

(C:\Program Files (x86)\COSMIC\FSE_Compilers\CXSTM8\lib\libm0.sm8)xymov.o:
start 000095c0 end 000095ff length    63 section .text
start 000006c2 end 000006f1 length    47 section .info.

(C:\Program Files (x86)\COSMIC\FSE_Compilers\CXSTM8\lib\libm0.sm8)yreg.o:
start 0000007a end 0000007d length     3 section .ubsct
start 000006f1 end 0000071f length    46 section .info.

Debug\stm8_interrupt_vector.o:
start 000095ff end 00009600 length     1 section .text
start 00004c47 end 00004db2 length   363 section .debug
start 0000071f end 00000799 length   122 section .info.
start 00008000 end 00008080 length   128 section .const


                             -----------
                             Stack usage
                             -----------

Debug\main.o:
L5221_w5500_init_network          49   (20)
_command_parser_execute       >   25   (8)
_hal_delay_ms                     16   (12)
_hal_di_read                  >   10   (5)
_hal_get_millis                    4   (2)
_hal_gpio_init                    15   (2)
_hal_relay_set                    13   (8)
_hal_spi_byte                      6   (3)
_hal_spi_cs_high                   7   (2)
_hal_spi_cs_low                    7   (2)
_hal_spi_read                     14   (8)
_hal_spi_read_byte                 8   (2)
_hal_spi_write                    14   (8)
_hal_spi_write_byte                8   (2)
_hal_timer_init                    6   (2)
_hal_timer_set_callback            2   (2)
_hal_timer_start                   4   (2)
_hal_uart_available           >    2   (2)
_hal_uart_read_byte           >    3   (3)
_hal_uart_send                >   16   (8)
_hal_uart_send_byte                8   (3)
_hal_w5500_reset_high              7   (2)
_main                         >   64   (2)
_main_loop                        42   (13)
_message_formatter_avcc       >   14   (14)
_relay_control_init               22   (2)
_relay_control_set                17   (4)
_relay_control_set_all            20   (3)
_sensor_reader_get_state      >    8   (4)
_sensor_reader_init                2   (2)
_system_init                      62   (2)
_tcp_server_init                  51   (2)
_tcp_server_is_connected           2   (2)
_tcp_server_process               29   (5)
_timer_callback                    6   (2)
_uart_server_is_ready              2   (2)
_w5500_chip_init                  60   (3)

Debug\socket.o:
_close                            28   (3)
_listen                           31   (3)
_socket                           40   (11)

Debug\stm8_interrupt_vector.o:
f_NonHandledInterrupt         >    6   (6)

Debug\stm8s_clk.o:
_CLK_GetClockFreq                 25   (11)
_CLK_HSIPrescalerConfig            3   (3)
_CLK_PeripheralClockConfig         4   (4)

Debug\stm8s_gpio.o:
_GPIO_Init                         6   (6)
_GPIO_ReadInputPin                 5   (5)
_GPIO_Write                   >    5   (5)
_GPIO_WriteHigh                    5   (5)
_GPIO_WriteLow                     5   (5)

Debug\stm8s_spi.o:
_SPI_Cmd                           2   (2)
_SPI_DeInit                        2   (2)
_SPI_GetFlagStatus                 3   (3)
_SPI_Init                         11   (11)
_SPI_ReceiveData                   2   (2)
_SPI_SendData                      2   (2)

Debug\stm8s_tim4.o:
_TIM4_ClearFlag                    2   (2)
_TIM4_Cmd                          2   (2)
_TIM4_ITConfig                     4   (4)
_TIM4_TimeBaseInit                 2   (2)

Debug\stm8s_uart1.o:
_UART1_Cmd                    >    2   (2)
_UART1_GetFlagStatus               5   (5)
_UART1_ITConfig               >    7   (7)
_UART1_Init                   >   48   (23)
_UART1_SendData8                   2   (2)

Debug\w5500.o:
_WIZCHIP_READ                     24   (10) *** pointer() ***
_WIZCHIP_READ_BUF                 29   (15) *** pointer() ***
_WIZCHIP_WRITE                    25   (11) *** pointer() ***
_WIZCHIP_WRITE_BUF                29   (15) *** pointer() ***
_getSn_RX_RSR                 >   32   (8)
_getSn_TX_FSR                 >   32   (8)

Debug\wizchip_conf.o:
_reg_wizchip_cs_cbfunc             6   (6)
_reg_wizchip_spi_cbfunc            6   (6)
_reg_wizchip_spiburst_cbfunc       6   (6)
_wizchip_bus_readdata              6   (6)
_wizchip_bus_writedata             7   (7)
_wizchip_cris_enter                2   (2)
_wizchip_cris_exit                 2   (2)
_wizchip_cs_deselect               2   (2)
_wizchip_cs_select                 2   (2)
_wizchip_init                     57   (8)
_wizchip_spi_readburst             4   (4)
_wizchip_spi_readbyte              2   (2)
_wizchip_spi_writeburst            4   (4)
_wizchip_spi_writebyte             2   (2)
_wizchip_sw_reset                 49   (20)

Stack size: 70


                              ---------
                              Call tree
                              ---------
   1 > _GPIO_Write: (5)

   2 > _UART1_Cmd: (2)

   3 > _UART1_ITConfig: (7)

   4 > _UART1_Init: (23)
   5      + _CLK_GetClockFreq: (11)
       
   6 > __stext: (0)

   7 > _command_parser_execute: (8)
   8      + _relay_control_set: (4)
   9      |    + _hal_relay_set: (8)
  10      |    |    + _GPIO_WriteHigh: (5)
  11      |    |    + _GPIO_WriteLow: (5)
          |    | 
          | 
       
  12 > _getSn_RX_RSR: (8)
  13      + _WIZCHIP_READ: (10)
  14      |    + (_hal_spi_cs_high) ...
  15      |    + (_hal_spi_cs_low) ...
  16      |    + (_hal_spi_read) ...
  17      |    + (_hal_spi_read_byte) ...
  18      |    + (_hal_spi_write) ...
  19      |    + (_hal_spi_write_byte) ...
  20      |    + (_timer_callback) ...
  21      |    + (_wizchip_bus_readdata) ...
  22      |    + (_wizchip_bus_writedata) ...
  23      |    + (_wizchip_cris_enter) ...
  24      |    + (_wizchip_cris_exit) ...
  25      |    + (_wizchip_cs_deselect) ...
  26      |    + (_wizchip_cs_select) ...
  27      |    + (_wizchip_spi_readburst) ...
  28      |    + (_wizchip_spi_readbyte) ...
  29      |    + (_wizchip_spi_writeburst) ...
  30      |    + (_wizchip_spi_writebyte) ...
          | 
       
  31 > _getSn_TX_FSR: (8)
  32      + _WIZCHIP_READ --> 13
       
  33 > _hal_di_read: (5)
  34      + _GPIO_ReadInputPin: (5)
       
  35 > _hal_uart_available: (2)

  36 > _hal_uart_read_byte: (3)

  37 > _hal_uart_send: (8)
  38      + _hal_uart_send_byte: (3)
  39      |    + _UART1_GetFlagStatus: (5)
  40      |    + _UART1_SendData8: (2)
          | 
       
  41 > _main: (2)
  42      + _main_loop: (13)
  43      |    + _GPIO_ReadInputPin --> 34
  44      |    + _hal_delay_ms: (12)
  45      |    |    + _hal_get_millis: (2)
          |    | 
  46      |    + _tcp_server_is_connected: (2)
  47      |    + _tcp_server_process: (5)
  48      |    |    + _WIZCHIP_READ --> 13
          |    | 
  49      |    + _uart_server_is_ready: (2)
          | 
  50      + _system_init: (2)
  51      |    + _CLK_HSIPrescalerConfig: (3)
  52      |    + _hal_delay_ms --> 44
  53      |    + _hal_gpio_init: (2)
  54      |    |    + _GPIO_Init: (6)
  55      |    |    + _hal_relay_set --> 9
  56      |    |    + _hal_w5500_reset_high: (2)
  57      |    |    |    + _GPIO_WriteHigh --> 10
          |    |    | 
          |    | 
  58      |    + _hal_timer_init: (2)
  59      |    |    + _CLK_PeripheralClockConfig: (4)
  60      |    |    + _TIM4_ClearFlag: (2)
  61      |    |    + _TIM4_ITConfig: (4)
  62      |    |    + _TIM4_TimeBaseInit: (2)
          |    | 
  63      |    + _hal_timer_set_callback: (2)
  64      |    + _hal_timer_start: (2)
  65      |    |    + _TIM4_Cmd: (2)
          |    | 
  66      |    + _relay_control_init: (2)
  67      |    |    + _relay_control_set_all: (3)
  68      |    |    |    + _relay_control_set --> 8
          |    |    | 
          |    | 
  69      |    + _sensor_reader_init: (2)
  70      |    + _tcp_server_init: (2)
  71      |    |    + L5221_w5500_init_network: (20)
  72      |    |    |    + _WIZCHIP_WRITE_BUF: (15)
  73      |    |    |    |    + (_hal_spi_cs_high) ...
  74      |    |    |    |    + (_hal_spi_cs_low) ...
  75      |    |    |    |    + (_hal_spi_read) ...
  76      |    |    |    |    + (_hal_spi_read_byte) ...
  77      |    |    |    |    + (_hal_spi_write) ...
  78      |    |    |    |    + (_hal_spi_write_byte) ...
  79      |    |    |    |    + (_timer_callback) ...
  80      |    |    |    |    + (_wizchip_bus_readdata) ...
  81      |    |    |    |    + (_wizchip_bus_writedata) ...
  82      |    |    |    |    + (_wizchip_cris_enter) ...
  83      |    |    |    |    + (_wizchip_cris_exit) ...
  84      |    |    |    |    + (_wizchip_cs_deselect) ...
  85      |    |    |    |    + (_wizchip_cs_select) ...
  86      |    |    |    |    + (_wizchip_spi_readburst) ...
  87      |    |    |    |    + (_wizchip_spi_readbyte) ...
  88      |    |    |    |    + (_wizchip_spi_writeburst) ...
  89      |    |    |    |    + (_wizchip_spi_writebyte) ...
          |    |    |    | 
          |    |    | 
  90      |    |    + _listen: (3)
  91      |    |    |    + _WIZCHIP_READ --> 13
  92      |    |    |    + _WIZCHIP_WRITE: (11)
  93      |    |    |    |    + (_hal_spi_cs_high) ...
  94      |    |    |    |    + (_hal_spi_cs_low) ...
  95      |    |    |    |    + (_hal_spi_read) ...
  96      |    |    |    |    + (_hal_spi_read_byte) ...
  97      |    |    |    |    + (_hal_spi_write) ...
  98      |    |    |    |    + (_hal_spi_write_byte) ...
  99      |    |    |    |    + (_timer_callback) ...
 100      |    |    |    |    + (_wizchip_bus_readdata) ...
 101      |    |    |    |    + (_wizchip_bus_writedata) ...
 102      |    |    |    |    + (_wizchip_cris_enter) ...
 103      |    |    |    |    + (_wizchip_cris_exit) ...
 104      |    |    |    |    + (_wizchip_cs_deselect) ...
 105      |    |    |    |    + (_wizchip_cs_select) ...
 106      |    |    |    |    + (_wizchip_spi_readburst) ...
 107      |    |    |    |    + (_wizchip_spi_readbyte) ...
 108      |    |    |    |    + (_wizchip_spi_writeburst) ...
 109      |    |    |    |    + (_wizchip_spi_writebyte) ...
          |    |    |    | 
 110      |    |    |    + _close: (3)
 111      |    |    |    |    + _WIZCHIP_READ --> 13
 112      |    |    |    |    + _WIZCHIP_WRITE --> 92
          |    |    |    | 
          |    |    | 
 113      |    |    + _socket: (11)
 114      |    |    |    + _WIZCHIP_READ --> 13
 115      |    |    |    + _WIZCHIP_READ_BUF: (15)
 116      |    |    |    |    + (_hal_spi_cs_high) ...
 117      |    |    |    |    + (_hal_spi_cs_low) ...
 118      |    |    |    |    + (_hal_spi_read) ...
 119      |    |    |    |    + (_hal_spi_read_byte) ...
 120      |    |    |    |    + (_hal_spi_write) ...
 121      |    |    |    |    + (_hal_spi_write_byte) ...
 122      |    |    |    |    + (_timer_callback) ...
 123      |    |    |    |    + (_wizchip_bus_readdata) ...
 124      |    |    |    |    + (_wizchip_bus_writedata) ...
 125      |    |    |    |    + (_wizchip_cris_enter) ...
 126      |    |    |    |    + (_wizchip_cris_exit) ...
 127      |    |    |    |    + (_wizchip_cs_deselect) ...
 128      |    |    |    |    + (_wizchip_cs_select) ...
 129      |    |    |    |    + (_wizchip_spi_readburst) ...
 130      |    |    |    |    + (_wizchip_spi_readbyte) ...
 131      |    |    |    |    + (_wizchip_spi_writeburst) ...
 132      |    |    |    |    + (_wizchip_spi_writebyte) ...
          |    |    |    | 
 133      |    |    |    + _WIZCHIP_WRITE --> 92
 134      |    |    |    + _close --> 110
          |    |    | 
          |    | 
 135      |    + _w5500_chip_init: (3)
 136      |    |    + _CLK_PeripheralClockConfig --> 59
 137      |    |    + _GPIO_Init --> 54
 138      |    |    + _GPIO_WriteHigh --> 10
 139      |    |    + _GPIO_WriteLow --> 11
 140      |    |    + _SPI_Cmd: (2)
 141      |    |    + _SPI_DeInit: (2)
 142      |    |    + _SPI_Init: (11)
 143      |    |    + _WIZCHIP_READ --> 13
 144      |    |    + _hal_delay_ms --> 44
 145      |    |    + _reg_wizchip_cs_cbfunc: (6)
 146      |    |    + _reg_wizchip_spi_cbfunc: (6)
 147      |    |    + _reg_wizchip_spiburst_cbfunc: (6)
 148      |    |    + _wizchip_init: (8)
 149      |    |    |    + _WIZCHIP_WRITE --> 92
 150      |    |    |    + _wizchip_sw_reset: (20)
 151      |    |    |    |    + _WIZCHIP_READ --> 13
 152      |    |    |    |    + _WIZCHIP_READ_BUF --> 115
 153      |    |    |    |    + _WIZCHIP_WRITE --> 92
 154      |    |    |    |    + _WIZCHIP_WRITE_BUF --> 72
          |    |    |    | 
          |    |    | 
          |    | 
          | 
       
 155 > _message_formatter_avcc: (14)

 156 > _sensor_reader_get_state: (4)

 157 > f_NonHandledInterrupt: (6)

 158   L5221_w5500_init_network --> 71

 159   _CLK_GetClockFreq --> 5

 160   _CLK_HSIPrescalerConfig --> 51

 161   _CLK_PeripheralClockConfig --> 59

 162   _GPIO_Init --> 54

 163   _GPIO_ReadInputPin --> 34

 164   _GPIO_WriteHigh --> 10

 165   _GPIO_WriteLow --> 11

 166   _SPI_Cmd --> 140

 167   _SPI_DeInit --> 141

 168   _SPI_GetFlagStatus: (3)

 169   _SPI_Init --> 142

 170   _SPI_ReceiveData: (2)

 171   _SPI_SendData: (2)

 172   _TIM4_ClearFlag --> 60

 173   _TIM4_Cmd --> 65

 174   _TIM4_ITConfig --> 61

 175   _TIM4_TimeBaseInit --> 62

 176   _UART1_GetFlagStatus --> 39

 177   _UART1_SendData8 --> 40

 178   _WIZCHIP_READ --> 13

 179   _WIZCHIP_READ_BUF --> 115

 180   _WIZCHIP_WRITE --> 92

 181   _WIZCHIP_WRITE_BUF --> 72

 182   _close --> 110

 183   _hal_delay_ms --> 44

 184   _hal_get_millis --> 45

 185   _hal_gpio_init --> 53

 186   _hal_relay_set --> 9

 187   _hal_spi_byte: (3)
 188      + _SPI_GetFlagStatus --> 168
 189      + _SPI_ReceiveData --> 170
 190      + _SPI_SendData --> 171
       
 191   _hal_spi_cs_high: (2)
 192      + _GPIO_WriteHigh --> 10
       
 193   _hal_spi_cs_low: (2)
 194      + _GPIO_WriteLow --> 11
       
 195   _hal_spi_read: (8)
 196      + _hal_spi_byte --> 187
       
 197   _hal_spi_read_byte: (2)
 198      + _hal_spi_byte --> 187
       
 199   _hal_spi_write: (8)
 200      + _hal_spi_byte --> 187
       
 201   _hal_spi_write_byte: (2)
 202      + _hal_spi_byte --> 187
       
 203   _hal_timer_init --> 58

 204   _hal_timer_set_callback --> 63

 205   _hal_timer_start --> 64

 206   _hal_uart_send_byte --> 38

 207   _hal_w5500_reset_high --> 56

 208   _listen --> 90

 209   _main_loop --> 42

 210   _reg_wizchip_cs_cbfunc --> 145

 211   _reg_wizchip_spi_cbfunc --> 146

 212   _reg_wizchip_spiburst_cbfunc --> 147

 213   _relay_control_init --> 66

 214   _relay_control_set --> 8

 215   _relay_control_set_all --> 67

 216   _sensor_reader_init --> 69

 217   _socket --> 113

 218   _system_init --> 50

 219   _tcp_server_init --> 70

 220   _tcp_server_is_connected --> 46

 221   _tcp_server_process --> 47

 222   _timer_callback: (2)
 223      + _hal_get_millis --> 45
       
 224   _uart_server_is_ready --> 49

 225   _w5500_chip_init --> 135

 226   _wizchip_bus_readdata: (6)

 227   _wizchip_bus_writedata: (7)

 228   _wizchip_cris_enter: (2)

 229   _wizchip_cris_exit: (2)

 230   _wizchip_cs_deselect: (2)

 231   _wizchip_cs_select: (2)

 232   _wizchip_init --> 148

 233   _wizchip_spi_readburst: (4)

 234   _wizchip_spi_readbyte: (2)

 235   _wizchip_spi_writeburst: (4)

 236   _wizchip_spi_writebyte: (2)

 237   _wizchip_sw_reset --> 150



                               -------
                               Symbols
                               -------

_CLKPrescTable                 00008084   defined in Debug\stm8s_clk.o section .const
_CLK_GetClockFreq              000081eb   defined in Debug\stm8s_clk.o section .text
                                          used in Debug\stm8s_uart1.o
_CLK_HSIPrescalerConfig        000081d8   defined in Debug\stm8s_clk.o section .text
                                          used in Debug\main.o
_CLK_PeripheralClockConfig     0000816c   defined in Debug\stm8s_clk.o section .text
                                          used in Debug\main.o
_GPIO_Init                     00008819   defined in Debug\stm8s_gpio.o section .text
                                          used in Debug\main.o
_GPIO_ReadInputPin             00008898   defined in Debug\stm8s_gpio.o section .text
                                          used in Debug\main.o
_GPIO_Write                    00008881   defined in Debug\stm8s_gpio.o section .text
_GPIO_WriteHigh                00008889   defined in Debug\stm8s_gpio.o section .text
                                          used in Debug\main.o
_GPIO_WriteLow                 00008890   defined in Debug\stm8s_gpio.o section .text
                                          used in Debug\main.o
_HSIDivFactor                  00008080   defined in Debug\stm8s_clk.o section .const
_SPI_Cmd                       000087f0   defined in Debug\stm8s_spi.o section .text
                                          used in Debug\main.o
_SPI_DeInit                    000087a4   defined in Debug\stm8s_spi.o section .text
                                          used in Debug\main.o
_SPI_GetFlagStatus             00008806   defined in Debug\stm8s_spi.o section .text
                                          used in Debug\main.o
_SPI_Init                      000087b9   defined in Debug\stm8s_spi.o section .text
                                          used in Debug\main.o
_SPI_ReceiveData               00008802   defined in Debug\stm8s_spi.o section .text
                                          used in Debug\main.o
_SPI_SendData                  000087fe   defined in Debug\stm8s_spi.o section .text
                                          used in Debug\main.o
_TIM4_ClearFlag                000088cf   defined in Debug\stm8s_tim4.o section .text
                                          used in Debug\main.o
_TIM4_Cmd                      000088a8   defined in Debug\stm8s_tim4.o section .text
                                          used in Debug\main.o
_TIM4_ITConfig                 000088b6   defined in Debug\stm8s_tim4.o section .text
                                          used in Debug\main.o
_TIM4_TimeBaseInit             0000889f   defined in Debug\stm8s_tim4.o section .text
                                          used in Debug\main.o
_UART1_Cmd                     00008a04   defined in Debug\stm8s_uart1.o section .text
_UART1_GetFlagStatus           00008a87   defined in Debug\stm8s_uart1.o section .text
                                          used in Debug\main.o
_UART1_ITConfig                00008a12   defined in Debug\stm8s_uart1.o section .text
_UART1_Init                    000088d4   defined in Debug\stm8s_uart1.o section .text
_UART1_SendData8               00008a83   defined in Debug\stm8s_uart1.o section .text
                                          used in Debug\main.o
_WIZCHIP                       00000000   defined in Debug\wizchip_conf.o section .bsct, initialized
                                          used in Debug\w5500.o
_WIZCHIP_READ                  00008aca   defined in Debug\w5500.o section .text
                                          used in Debug\wizchip_conf.o
                                                  Debug\socket.o Debug\main.o
_WIZCHIP_READ_BUF              00008b78   defined in Debug\w5500.o section .text
                                          used in Debug\wizchip_conf.o
                                                  Debug\socket.o
_WIZCHIP_WRITE                 00008b1f   defined in Debug\w5500.o section .text
                                          used in Debug\wizchip_conf.o
                                                  Debug\socket.o
_WIZCHIP_WRITE_BUF             00008bea   defined in Debug\w5500.o section .text
                                          used in Debug\wizchip_conf.o
                                                  Debug\main.o
__endmem                       000001ff   defined in command file
                                          *** not used ***
__endzp                        0000007d   defined in command file section .ubsct
                                          used in C:\Program Files (x86)\COSMIC\FSE_Compilers\CXSTM8\lib\crtsi0.sm8
__idesc__                      000080b5   defined in linker section .init
                                          used in C:\Program Files (x86)\COSMIC\FSE_Compilers\CXSTM8\lib\crtsi0.sm8
__memory                       00000100   defined in command file section .bss
                                          used in C:\Program Files (x86)\COSMIC\FSE_Compilers\CXSTM8\lib\crtsi0.sm8
__stack                        000003ff   defined in command file
                                          used in C:\Program Files (x86)\COSMIC\FSE_Compilers\CXSTM8\lib\crtsi0.sm8
__startmem                     00000100   defined in command file section .bss
                                          *** not used ***
__stext                        0000811c   defined in C:\Program Files (x86)\COSMIC\FSE_Compilers\CXSTM8\lib\crtsi0.sm8 section .text
                                          used in Debug\stm8_interrupt_vector.o
__vectab                       00008000   defined in Debug\stm8_interrupt_vector.o section .const
_close                         0000862a   defined in Debug\socket.o section .text
_command_parser_execute        00008fcb   defined in Debug\main.o section .text
_exit                          0000816a   defined in C:\Program Files (x86)\COSMIC\FSE_Compilers\CXSTM8\lib\crtsi0.sm8 section .text
_getSn_RX_RSR                  00008d06   defined in Debug\w5500.o section .text
_getSn_TX_FSR                  00008c5e   defined in Debug\w5500.o section .text
_hal_delay_ms                  00008dc2   defined in Debug\main.o section .text
_hal_di_read                   00008e53   defined in Debug\main.o section .text
_hal_get_millis                00008dae   defined in Debug\main.o section .text
_hal_gpio_init                 0000904a   defined in Debug\main.o section .text
_hal_relay_set                 00008ea4   defined in Debug\main.o section .text
_hal_spi_byte                  0000911e   defined in Debug\main.o section .text
_hal_spi_cs_high               00008e3d   defined in Debug\main.o section .text
_hal_spi_cs_low                00008e33   defined in Debug\main.o section .text
_hal_spi_read                  00009142   defined in Debug\main.o section .text
_hal_spi_read_byte             0000913a   defined in Debug\main.o section .text
_hal_spi_write                 00009163   defined in Debug\main.o section .text
_hal_spi_write_byte            0000913f   defined in Debug\main.o section .text
_hal_timer_init                0000933b   defined in Debug\main.o section .text
_hal_timer_set_callback        00008fc8   defined in Debug\main.o section .text
_hal_timer_start               00008f7f   defined in Debug\main.o section .text
_hal_uart_available            000090f6   defined in Debug\main.o section .text
_hal_uart_read_byte            000090f9   defined in Debug\main.o section .text
_hal_uart_send                 00008e14   defined in Debug\main.o section .text
_hal_uart_send_byte            00008dfa   defined in Debug\main.o section .text
_hal_w5500_reset_high          00009040   defined in Debug\main.o section .text
_listen                        000086e8   defined in Debug\socket.o section .text
                                          used in Debug\main.o
_main                          000093c1   defined in Debug\main.o section .text
                                          used in C:\Program Files (x86)\COSMIC\FSE_Compilers\CXSTM8\lib\crtsi0.sm8
_main_loop                     0000937b   defined in Debug\main.o section .text
_message_formatter_avcc        00008f6d   defined in Debug\main.o section .text
_reg_wizchip_cs_cbfunc         00008272   defined in Debug\wizchip_conf.o section .text
                                          used in Debug\main.o
_reg_wizchip_spi_cbfunc        00008292   defined in Debug\wizchip_conf.o section .text
                                          used in Debug\main.o
_reg_wizchip_spiburst_cbfunc   000082b7   defined in Debug\wizchip_conf.o section .text
                                          used in Debug\main.o
_relay_control_init            0000903a   defined in Debug\main.o section .text
_relay_control_set             00008f28   defined in Debug\main.o section .text
_relay_control_set_all         00008f3c   defined in Debug\main.o section .text
_sensor_reader_get_state       00008e47   defined in Debug\main.o section .text
_sensor_reader_init            00008f85   defined in Debug\main.o section .text
_sock_pack_info                0000002e   defined in Debug\socket.o section .bsct, initialized
_socket                        0000847a   defined in Debug\socket.o section .text
                                          used in Debug\main.o
_system_init                   00009354   defined in Debug\main.o section .text
_tcp_server_init               00009303   defined in Debug\main.o section .text
_tcp_server_is_connected       00008db5   defined in Debug\main.o section .text
_tcp_server_process            0000924f   defined in Debug\main.o section .text
_timer_callback                00008f86   defined in Debug\main.o section .text
_uart_server_is_ready          00008def   defined in Debug\main.o section .text
_w5500_chip_init               00009182   defined in Debug\main.o section .text
_wizchip_bus_readdata          00008263   defined in Debug\wizchip_conf.o section .text
_wizchip_bus_writedata         00008267   defined in Debug\wizchip_conf.o section .text
_wizchip_cris_enter            0000825f   defined in Debug\wizchip_conf.o section .text
_wizchip_cris_exit             00008260   defined in Debug\wizchip_conf.o section .text
_wizchip_cs_deselect           00008262   defined in Debug\wizchip_conf.o section .text
_wizchip_cs_select             00008261   defined in Debug\wizchip_conf.o section .text
_wizchip_init                  000083ad   defined in Debug\wizchip_conf.o section .text
                                          used in Debug\main.o
_wizchip_spi_readburst         00008270   defined in Debug\wizchip_conf.o section .text
_wizchip_spi_readbyte          0000826d   defined in Debug\wizchip_conf.o section .text
_wizchip_spi_writeburst        00008271   defined in Debug\wizchip_conf.o section .text
_wizchip_spi_writebyte         0000826f   defined in Debug\wizchip_conf.o section .text
_wizchip_sw_reset              000082dc   defined in Debug\wizchip_conf.o section .text
c_divsl                        00009442   defined in (C:\Program Files (x86)\COSMIC\FSE_Compilers\CXSTM8\lib\libm0.sm8)ldiv.o section .text
                                          *** not used ***
c_divul                        00009459   defined in (C:\Program Files (x86)\COSMIC\FSE_Compilers\CXSTM8\lib\libm0.sm8)ldiv.o section .text
                                          used in (C:\Program Files (x86)\COSMIC\FSE_Compilers\CXSTM8\lib\libm0.sm8)ludiv.o
c_itolx                        000093c7   defined in (C:\Program Files (x86)\COSMIC\FSE_Compilers\CXSTM8\lib\libm0.sm8)itolx.o section .text
                                          used in Debug\wizchip_conf.o
                                                  Debug\socket.o Debug\w5500.o
                                                  Debug\main.o
c_lcmp                         000093d5   defined in (C:\Program Files (x86)\COSMIC\FSE_Compilers\CXSTM8\lib\libm0.sm8)lcmp.o section .text
                                          used in Debug\main.o
c_lgneg                        0000952d   defined in (C:\Program Files (x86)\COSMIC\FSE_Compilers\CXSTM8\lib\libm0.sm8)lgneg.o section .text
                                          used in (C:\Program Files (x86)\COSMIC\FSE_Compilers\CXSTM8\lib\libm0.sm8)ldiv.o
c_llsh                         000093f5   defined in (C:\Program Files (x86)\COSMIC\FSE_Compilers\CXSTM8\lib\libm0.sm8)llsh.o section .text
                                          used in Debug\stm8s_uart1.o
c_lneg                         00009540   defined in (C:\Program Files (x86)\COSMIC\FSE_Compilers\CXSTM8\lib\libm0.sm8)lneg.o section .text
                                          used in (C:\Program Files (x86)\COSMIC\FSE_Compilers\CXSTM8\lib\libm0.sm8)ldiv.o
c_lreg                         00000073   defined in (C:\Program Files (x86)\COSMIC\FSE_Compilers\CXSTM8\lib\libm0.sm8)lreg.o section .ubsct
                                          used in Debug\stm8s_clk.o
                                                  Debug\wizchip_conf.o
                                                  Debug\socket.o
                                                  Debug\stm8s_uart1.o
                                                  Debug\w5500.o Debug\main.o
                                                  (C:\Program Files (x86)\COSMIC\FSE_Compilers\CXSTM8\lib\libm0.sm8)itolx.o
                                                  (C:\Program Files (x86)\COSMIC\FSE_Compilers\CXSTM8\lib\libm0.sm8)lcmp.o
                                                  (C:\Program Files (x86)\COSMIC\FSE_Compilers\CXSTM8\lib\libm0.sm8)llsh.o
                                                  (C:\Program Files (x86)\COSMIC\FSE_Compilers\CXSTM8\lib\libm0.sm8)lsub.o
                                                  (C:\Program Files (x86)\COSMIC\FSE_Compilers\CXSTM8\lib\libm0.sm8)ltor.o
                                                  (C:\Program Files (x86)\COSMIC\FSE_Compilers\CXSTM8\lib\libm0.sm8)ldiv.o
                                                  (C:\Program Files (x86)\COSMIC\FSE_Compilers\CXSTM8\lib\libm0.sm8)lneg.o
                                                  (C:\Program Files (x86)\COSMIC\FSE_Compilers\CXSTM8\lib\libm0.sm8)rtol.o
                                                  (C:\Program Files (x86)\COSMIC\FSE_Compilers\CXSTM8\lib\libm0.sm8)smul.o
                                                  (C:\Program Files (x86)\COSMIC\FSE_Compilers\CXSTM8\lib\libm0.sm8)utolx.o
c_lsub                         00009404   defined in (C:\Program Files (x86)\COSMIC\FSE_Compilers\CXSTM8\lib\libm0.sm8)lsub.o section .text
                                          used in Debug\stm8s_uart1.o
                                                  Debug\main.o
c_ltor                         0000941c   defined in (C:\Program Files (x86)\COSMIC\FSE_Compilers\CXSTM8\lib\libm0.sm8)ltor.o section .text
                                          used in Debug\stm8s_clk.o
                                                  Debug\stm8s_uart1.o
                                                  Debug\main.o
c_ludv                         0000942e   defined in (C:\Program Files (x86)\COSMIC\FSE_Compilers\CXSTM8\lib\libm0.sm8)ludiv.o section .text
                                          used in Debug\stm8s_clk.o
                                                  Debug\stm8s_uart1.o
c_lzmp                         00009555   defined in (C:\Program Files (x86)\COSMIC\FSE_Compilers\CXSTM8\lib\libm0.sm8)lzmp.o section .text
                                          used in Debug\socket.o
c_rtol                         00009568   defined in (C:\Program Files (x86)\COSMIC\FSE_Compilers\CXSTM8\lib\libm0.sm8)rtol.o section .text
                                          used in Debug\stm8s_clk.o
                                                  Debug\stm8s_uart1.o
                                                  Debug\main.o
c_smul                         0000957a   defined in (C:\Program Files (x86)\COSMIC\FSE_Compilers\CXSTM8\lib\libm0.sm8)smul.o section .text
                                          used in Debug\stm8s_uart1.o
c_uitolx                       000095b9   defined in (C:\Program Files (x86)\COSMIC\FSE_Compilers\CXSTM8\lib\libm0.sm8)utolx.o section .text
                                          used in Debug\main.o
c_x                            00000077   defined in (C:\Program Files (x86)\COSMIC\FSE_Compilers\CXSTM8\lib\libm0.sm8)xreg.o section .ubsct
                                          used in C:\Program Files (x86)\COSMIC\FSE_Compilers\CXSTM8\lib\crtsi0.sm8
                                                  (C:\Program Files (x86)\COSMIC\FSE_Compilers\CXSTM8\lib\libm0.sm8)ldiv.o
                                                  (C:\Program Files (x86)\COSMIC\FSE_Compilers\CXSTM8\lib\libm0.sm8)xymov.o
c_xymov                        000095c0   defined in (C:\Program Files (x86)\COSMIC\FSE_Compilers\CXSTM8\lib\libm0.sm8)xymov.o section .text
                                          used in Debug\main.o
c_y                            0000007a   defined in (C:\Program Files (x86)\COSMIC\FSE_Compilers\CXSTM8\lib\libm0.sm8)yreg.o section .ubsct
                                          used in C:\Program Files (x86)\COSMIC\FSE_Compilers\CXSTM8\lib\crtsi0.sm8
                                                  Debug\main.o
f_NonHandledInterrupt          000095ff   defined in Debug\stm8_interrupt_vector.o section .text
